<testsuites name="results">
  <testsuite name="all" package="all">
    <property name="random_seed" value="1757671395" />
    <testcase name="test_uart" classname="tb.test_uart" file="/home/sahil/Communication_protocols/tb/test_uart.py" lineno="55" time="0.014440774917602539" sim_time_ns="175.001" ratio_time="12118.5324886328" />
  </testsuite>
</testsuites>
